[11/17 04:50:50] display all the hyper-parameters in args:
[11/17 04:50:50] hw_range: [0, 9]
[11/17 04:50:50] opt: sgd
[11/17 04:50:50] lr: 0.1
[11/17 04:50:50] gamma: 0.1
[11/17 04:50:50] epoch: 30
[11/17 04:50:50] stage: 5
[11/17 04:50:50] weight_decay: 0.0005
[11/17 04:50:50] gpu: 0
[11/17 04:50:50] seed: 42
[11/17 04:50:50] val_epoch: 20
[11/17 04:50:50] resnet: False
[11/17 04:50:50] nesterov: True
[11/17 04:50:50] pre: False
[11/17 04:50:50] no_val: False
[11/17 04:50:50] train_way: 30
[11/17 04:50:50] test_way: 5
[11/17 04:50:50] train_shot: 5
[11/17 04:50:50] test_shot: [1, 5]
[11/17 04:50:50] train_query_shot: 15
[11/17 04:50:50] test_query_shot: 16
[11/17 04:50:50] train_transform_type: 1
[11/17 04:50:50] test_transform_type: 2
[11/17 04:50:50] val_trial: 1000
[11/17 04:50:50] detailed_name: False
[11/17 04:50:50] ------------------------
[11/17 04:50:51] start training!
[11/17 06:26:44] 
[11/17 06:26:44] epoch 30/150, iter 8700:
[11/17 06:26:44] train_acc: 53.802
[11/17 06:26:44] 30 Save!
[11/17 08:00:46] 
[11/17 08:00:46] epoch 60/150, iter 17400:
[11/17 08:00:46] train_acc: 58.227
[11/17 08:00:46] 60 Save!
[11/17 09:35:31] 
[11/17 09:35:31] epoch 90/150, iter 26100:
[11/17 09:35:31] train_acc: 60.367
[11/17 09:35:31] 90 Save!
[11/17 11:09:39] 
[11/17 11:09:39] epoch 120/150, iter 34800:
[11/17 11:09:39] train_acc: 61.012
[11/17 11:09:39] 120 Save!
[11/18 12:44:08] 
[11/18 12:44:08] epoch 150/150, iter 43500:
[11/18 12:44:08] train_acc: 61.527
[11/18 12:44:08] 150 Save!
[11/18 12:44:08] training finished!
[11/18 12:44:08] ------------------------
[11/18 12:44:08] evaluating on test set:
[11/18 02:12:03] 5-way-1-shot acc: 54.07	0.21
[11/18 03:34:13] 5-way-5-shot acc: 75.46	0.15
10000it [1:44:43,  1.59it/s]
5-way-1-shot acc: 53.953	0.205
900it [10:19,  1.36it/s]

10000it [1:54:28,  1.46it/s]
5-way-5-shot acc: 75.287	0.156