[12/18 10:26:45] display all the hyper-parameters in args:
[12/18 10:26:45] hw_range: [0, 9]
[12/18 10:26:45] opt: sgd
[12/18 10:26:45] lr: 0.1
[12/18 10:26:45] gamma: 0.1
[12/18 10:26:45] epoch: 400
[12/18 10:26:45] stage: 3
[12/18 10:26:45] weight_decay: 0.0005
[12/18 10:26:45] gpu: 0
[12/18 10:26:45] seed: 42
[12/18 10:26:45] val_epoch: 20
[12/18 10:26:45] resnet: False
[12/18 10:26:45] nesterov: False
[12/18 10:26:45] pre: False
[12/18 10:26:45] no_val: False
[12/18 10:26:45] train_way: 30
[12/18 10:26:45] test_way: 5
[12/18 10:26:45] train_shot: 5
[12/18 10:26:45] test_shot: [1, 5]
[12/18 10:26:45] train_query_shot: 15
[12/18 10:26:45] test_query_shot: 16
[12/18 10:26:45] train_transform_type: 0
[12/18 10:26:45] test_transform_type: 0
[12/18 10:26:45] val_trial: 1000
[12/18 10:26:45] detailed_name: False
[12/18 10:26:45] ------------------------
[12/18 10:26:45] start training!
