[08/11 11:38:00] display all the hyper-parameters in args:
[08/11 11:38:00] hw_range: [0, 9]
[08/11 11:38:00] opt: sgd
[08/11 11:38:00] lr: 0.1
[08/11 11:38:00] gamma: 0.1
[08/11 11:38:00] epoch: 400
[08/11 11:38:00] stage: 3
[08/11 11:38:00] weight_decay: 0.0005
[08/11 11:38:00] gpu: 0
[08/11 11:38:00] seed: 42
[08/11 11:38:00] val_epoch: 20
[08/11 11:38:00] resnet: False
[08/11 11:38:00] nesterov: False
[08/11 11:38:00] pre: False
[08/11 11:38:00] no_val: False
[08/11 11:38:00] train_way: 30
[08/11 11:38:00] test_way: 5
[08/11 11:38:00] train_shot: 5
[08/11 11:38:00] test_shot: [1, 5]
[08/11 11:38:00] train_query_shot: 15
[08/11 11:38:00] test_query_shot: 16
[08/11 11:38:00] train_transform_type: 0
[08/11 11:38:00] test_transform_type: 0
[08/11 11:38:00] val_trial: 1000
[08/11 11:38:00] detailed_name: False
[08/11 11:38:00] ------------------------
[08/11 11:38:00] start training!
[08/11 11:42:40] 
[08/11 11:42:40] epoch 20/1200, iter 180:
[08/11 11:42:40] train_acc: 22.148
[08/11 11:44:34] val_5-way-5-shot_acc: 65.734	0.579
[08/11 11:44:34] BEST!
[08/11 11:49:10] 
[08/11 11:49:10] epoch 40/1200, iter 360:
[08/11 11:49:10] train_acc: 34.765
[08/11 11:51:05] val_5-way-5-shot_acc: 76.535	0.549
[08/11 11:51:05] BEST!
[08/11 11:55:52] 
[08/11 11:55:52] epoch 60/1200, iter 540:
[08/11 11:55:52] train_acc: 40.790
[08/11 11:57:44] val_5-way-5-shot_acc: 80.799	0.488
[08/11 11:57:44] BEST!
[08/11 12:02:28] 
[08/11 12:02:28] epoch 80/1200, iter 720:
[08/11 12:02:28] train_acc: 45.259
[08/11 12:04:16] val_5-way-5-shot_acc: 83.058	0.453
[08/11 12:04:17] BEST!
[08/11 12:09:03] 
[08/11 12:09:03] epoch 100/1200, iter 899:
[08/11 12:09:03] train_acc: 48.321
[08/11 12:10:47] val_5-way-5-shot_acc: 84.244	0.468
[08/11 12:10:48] BEST!
[08/11 12:15:37] 
[08/11 12:15:37] epoch 120/1200, iter 1079:
[08/11 12:15:37] train_acc: 52.568
[08/11 12:17:18] val_5-way-5-shot_acc: 86.111	0.417
[08/11 12:17:18] BEST!
[08/11 12:22:08] 
[08/11 12:22:08] epoch 140/1200, iter 1259:
[08/11 12:22:08] train_acc: 54.148
[08/11 12:23:45] val_5-way-5-shot_acc: 86.010	0.442
[08/11 12:28:38] 
[08/11 12:28:38] epoch 160/1200, iter 1439:
[08/11 12:28:38] train_acc: 56.716
[08/11 12:30:15] val_5-way-5-shot_acc: 87.256	0.392
[08/11 12:30:16] BEST!
[08/11 12:35:06] 
[08/11 12:35:06] epoch 180/1200, iter 1619:
[08/11 12:35:06] train_acc: 56.914
[08/11 12:36:42] val_5-way-5-shot_acc: 88.685	0.379
[08/11 12:36:42] BEST!
[08/11 12:41:34] 
[08/11 12:41:34] epoch 200/1200, iter 1799:
[08/11 12:41:34] train_acc: 58.000
[08/11 12:43:12] val_5-way-5-shot_acc: 88.418	0.376
[08/11 12:48:05] 
[08/11 12:48:05] epoch 220/1200, iter 1979:
[08/11 12:48:05] train_acc: 59.827
[08/11 12:49:49] val_5-way-5-shot_acc: 89.058	0.375
[08/11 12:49:49] BEST!
[08/11 12:54:33] 
[08/11 12:54:33] epoch 240/1200, iter 2157:
[08/11 12:54:33] train_acc: 59.802
[08/11 12:56:20] val_5-way-5-shot_acc: 89.699	0.376
[08/11 12:56:20] BEST!
[08/11 01:00:56] 
[08/11 01:00:56] epoch 260/1200, iter 2337:
[08/11 01:00:56] train_acc: 60.593
[08/11 01:02:45] val_5-way-5-shot_acc: 89.535	0.377
[08/11 01:07:11] 
[08/11 01:07:11] epoch 280/1200, iter 2517:
[08/11 01:07:11] train_acc: 62.321
[08/11 01:08:40] val_5-way-5-shot_acc: 89.093	0.388
[08/11 01:12:22] 
[08/11 01:12:22] epoch 300/1200, iter 2697:
[08/11 01:12:22] train_acc: 62.914
[08/11 01:13:53] val_5-way-5-shot_acc: 89.843	0.358
[08/11 01:13:53] BEST!
[08/11 01:17:34] 
[08/11 01:17:34] epoch 320/1200, iter 2875:
[08/11 01:17:34] train_acc: 61.457
[08/11 01:19:06] val_5-way-5-shot_acc: 90.209	0.360
[08/11 01:19:06] BEST!
[08/11 01:22:50] 
[08/11 01:22:50] epoch 340/1200, iter 3055:
[08/11 01:22:50] train_acc: 61.877
[08/11 01:24:22] val_5-way-5-shot_acc: 89.853	0.358
[08/11 01:28:03] 
[08/11 01:28:03] epoch 360/1200, iter 3235:
[08/11 01:28:03] train_acc: 61.531
[08/11 01:29:36] val_5-way-5-shot_acc: 89.369	0.395
[08/11 01:33:13] 
[08/11 01:33:13] epoch 380/1200, iter 3413:
[08/11 01:33:13] train_acc: 63.210
[08/11 01:34:45] val_5-way-5-shot_acc: 89.890	0.386
[08/11 01:38:25] 
[08/11 01:38:25] epoch 400/1200, iter 3593:
[08/11 01:38:25] train_acc: 63.654
[08/11 01:39:59] val_5-way-5-shot_acc: 90.371	0.362
[08/11 01:39:59] BEST!
[08/11 01:43:42] 
[08/11 01:43:42] epoch 420/1200, iter 3772:
[08/11 01:43:42] train_acc: 72.370
[08/11 01:45:16] val_5-way-5-shot_acc: 92.665	0.313
[08/11 01:45:16] BEST!
[08/11 01:49:01] 
[08/11 01:49:01] epoch 440/1200, iter 3951:
[08/11 01:49:01] train_acc: 70.593
[08/11 01:50:35] val_5-way-5-shot_acc: 92.894	0.313
[08/11 01:50:35] BEST!
[08/11 01:54:17] 
[08/11 01:54:17] epoch 460/1200, iter 4131:
[08/11 01:54:17] train_acc: 71.358
[08/11 01:55:50] val_5-way-5-shot_acc: 93.134	0.299
[08/11 01:55:50] BEST!
[08/11 01:59:35] 
[08/11 01:59:35] epoch 480/1200, iter 4310:
[08/11 01:59:35] train_acc: 73.259
[08/11 02:01:10] val_5-way-5-shot_acc: 93.112	0.306
[08/11 02:04:55] 
[08/11 02:04:55] epoch 500/1200, iter 4488:
[08/11 02:04:55] train_acc: 73.167
[08/11 02:06:29] val_5-way-5-shot_acc: 93.154	0.303
[08/11 02:06:29] BEST!
[08/11 02:10:16] 
[08/11 02:10:16] epoch 520/1200, iter 4667:
[08/11 02:10:16] train_acc: 73.012
[08/11 02:11:50] val_5-way-5-shot_acc: 92.759	0.302
[08/11 02:15:28] 
[08/11 02:15:28] epoch 540/1200, iter 4847:
[08/11 02:15:28] train_acc: 73.827
[08/11 02:17:02] val_5-way-5-shot_acc: 93.250	0.294
[08/11 02:17:02] BEST!
[08/11 02:20:42] 
[08/11 02:20:42] epoch 560/1200, iter 5027:
[08/11 02:20:42] train_acc: 74.741
[08/11 02:22:17] val_5-way-5-shot_acc: 93.070	0.293
[08/11 02:26:00] 
[08/11 02:26:00] epoch 580/1200, iter 5207:
[08/11 02:26:00] train_acc: 74.494
[08/11 02:27:57] val_5-way-5-shot_acc: 93.082	0.319
[08/11 02:32:28] 
[08/11 02:32:28] epoch 600/1200, iter 5387:
[08/11 02:32:28] train_acc: 75.160
[08/11 02:34:25] val_5-way-5-shot_acc: 93.349	0.300
[08/11 02:34:25] BEST!
[08/11 02:38:26] 
[08/11 02:38:26] epoch 620/1200, iter 5567:
[08/11 02:38:26] train_acc: 74.222
[08/11 02:40:19] val_5-way-5-shot_acc: 92.955	0.322
[08/11 02:45:06] 
[08/11 02:45:06] epoch 640/1200, iter 5746:
[08/11 02:45:06] train_acc: 74.963
[08/11 02:47:07] val_5-way-5-shot_acc: 93.150	0.299
[08/11 02:51:46] 
[08/11 02:51:46] epoch 660/1200, iter 5926:
[08/11 02:51:46] train_acc: 75.012
[08/11 02:53:51] val_5-way-5-shot_acc: 93.059	0.297
[08/11 02:58:30] 
[08/11 02:58:30] epoch 680/1200, iter 6106:
[08/11 02:58:30] train_acc: 75.654
[08/11 03:00:39] val_5-way-5-shot_acc: 92.799	0.307
[08/11 03:05:16] 
[08/11 03:05:16] epoch 700/1200, iter 6285:
[08/11 03:05:16] train_acc: 76.889
[08/11 03:07:22] val_5-way-5-shot_acc: 92.466	0.320
[08/11 03:12:05] 
[08/11 03:12:05] epoch 720/1200, iter 6464:
[08/11 03:12:05] train_acc: 76.074
[08/11 03:14:01] val_5-way-5-shot_acc: 93.105	0.301
[08/11 03:18:44] 
[08/11 03:18:44] epoch 740/1200, iter 6644:
[08/11 03:18:44] train_acc: 75.037
[08/11 03:20:37] val_5-way-5-shot_acc: 92.787	0.310
[08/11 03:25:16] 
[08/11 03:25:16] epoch 760/1200, iter 6823:
[08/11 03:25:16] train_acc: 74.370
[08/11 03:27:12] val_5-way-5-shot_acc: 92.466	0.322
[08/11 03:32:13] 
[08/11 03:32:13] epoch 780/1200, iter 7002:
[08/11 03:32:13] train_acc: 76.840
[08/11 03:34:00] val_5-way-5-shot_acc: 93.123	0.302
[08/11 03:39:01] 
[08/11 03:39:01] epoch 800/1200, iter 7182:
[08/11 03:39:01] train_acc: 77.531
[08/11 03:40:42] val_5-way-5-shot_acc: 92.993	0.314
[08/11 03:44:08] 
[08/11 03:44:08] epoch 820/1200, iter 7361:
[08/11 03:44:08] train_acc: 77.086
[08/11 03:45:32] val_5-way-5-shot_acc: 93.361	0.287
[08/11 03:45:32] BEST!
[08/11 03:48:42] 
[08/11 03:48:42] epoch 840/1200, iter 7541:
[08/11 03:48:42] train_acc: 78.765
[08/11 03:50:26] val_5-way-5-shot_acc: 93.567	0.284
[08/11 03:50:26] BEST!
[08/11 03:57:29] 
[08/11 03:57:29] epoch 860/1200, iter 7721:
[08/11 03:57:29] train_acc: 76.790
[08/11 04:00:41] val_5-way-5-shot_acc: 93.306	0.300
[08/11 04:07:44] 
[08/11 04:07:44] epoch 880/1200, iter 7901:
[08/11 04:07:44] train_acc: 78.173
[08/11 04:09:58] val_5-way-5-shot_acc: 93.543	0.272
[08/11 04:16:31] 
[08/11 04:16:31] epoch 900/1200, iter 8080:
[08/11 04:16:31] train_acc: 79.580
[08/11 04:19:05] val_5-way-5-shot_acc: 93.264	0.302
[08/11 04:25:05] 
[08/11 04:25:05] epoch 920/1200, iter 8260:
[08/11 04:25:05] train_acc: 77.975
[08/11 04:27:19] val_5-way-5-shot_acc: 93.325	0.289
[08/11 04:33:25] 
[08/11 04:33:25] epoch 940/1200, iter 8440:
[08/11 04:33:25] train_acc: 76.370
[08/11 04:35:59] val_5-way-5-shot_acc: 93.245	0.292
[08/11 04:42:04] 
[08/11 04:42:04] epoch 960/1200, iter 8619:
[08/11 04:42:04] train_acc: 78.167
[08/11 04:44:27] val_5-way-5-shot_acc: 93.291	0.296
[08/11 04:50:23] 
[08/11 04:50:23] epoch 980/1200, iter 8798:
[08/11 04:50:23] train_acc: 77.556
[08/11 04:52:59] val_5-way-5-shot_acc: 93.105	0.309
[08/11 04:58:57] 
[08/11 04:58:57] epoch 1000/1200, iter 8976:
[08/11 04:58:57] train_acc: 78.222
[08/11 05:00:32] val_5-way-5-shot_acc: 93.252	0.298
[08/11 05:04:35] 
[08/11 05:04:35] epoch 1020/1200, iter 9156:
[08/11 05:04:35] train_acc: 77.531
[08/11 05:06:31] val_5-way-5-shot_acc: 93.125	0.308
[08/11 05:11:30] 
[08/11 05:11:30] epoch 1040/1200, iter 9336:
[08/11 05:11:30] train_acc: 79.284
[08/11 05:13:31] val_5-way-5-shot_acc: 93.510	0.280
[08/11 05:18:53] 
[08/11 05:18:53] epoch 1060/1200, iter 9514:
[08/11 05:18:53] train_acc: 79.185
[08/11 05:21:28] val_5-way-5-shot_acc: 93.450	0.281
[08/11 05:27:02] 
[08/11 05:27:02] epoch 1080/1200, iter 9692:
[08/11 05:27:02] train_acc: 79.160
[08/11 05:28:52] val_5-way-5-shot_acc: 93.456	0.287
[08/11 05:35:08] 
[08/11 05:35:08] epoch 1100/1200, iter 9872:
[08/11 05:35:08] train_acc: 77.630
[08/11 05:37:28] val_5-way-5-shot_acc: 93.500	0.280
[08/11 05:43:27] 
[08/11 05:43:27] epoch 1120/1200, iter 10051:
[08/11 05:43:27] train_acc: 77.704
[08/11 05:45:48] val_5-way-5-shot_acc: 93.123	0.292
[08/11 05:51:50] 
[08/11 05:51:50] epoch 1140/1200, iter 10230:
[08/11 05:51:50] train_acc: 78.296
[08/11 05:54:28] val_5-way-5-shot_acc: 93.125	0.300
[08/11 06:00:26] 
[08/11 06:00:26] epoch 1160/1200, iter 10410:
[08/11 06:00:26] train_acc: 79.012
[08/11 06:03:00] val_5-way-5-shot_acc: 93.309	0.293
[08/11 06:08:54] 
[08/11 06:08:54] epoch 1180/1200, iter 10590:
[08/11 06:08:54] train_acc: 78.346
[08/11 06:11:41] val_5-way-5-shot_acc: 92.994	0.320
[08/11 06:17:39] 
[08/11 06:17:39] epoch 1200/1200, iter 10770:
[08/11 06:17:39] train_acc: 77.432
[08/11 06:20:14] val_5-way-5-shot_acc: 93.269	0.303
[08/11 06:20:14] training finished!
[08/11 06:20:14] ------------------------
[08/11 06:20:14] the best epoch is 840/1200
[08/11 06:20:14] the best 5-way 5-shot val acc is 93.567
[08/11 06:20:14] ------------------------
[08/11 06:20:14] evaluating on test set:
[08/11 06:42:04] 5-way-1-shot acc: 79.84	0.20
10000it [21:58,  7.58it/s]
5-way-1-shot acc: 80.405	0.191
10000it [24:48,  6.72it/s]
5-way-5-shot acc: 92.842	0.103
