[10/30 12:53:34] display all the hyper-parameters in args:
[10/30 12:53:34] hw_range: [0, 9]
[10/30 12:53:34] opt: sgd
[10/30 12:53:34] lr: 0.1
[10/30 12:53:34] gamma: 0.1
[10/30 12:53:34] epoch: 240
[10/30 12:53:34] stage: 5
[10/30 12:53:34] weight_decay: 0.0005
[10/30 12:53:34] gpu: 0
[10/30 12:53:34] seed: 42
[10/30 12:53:34] val_epoch: 20
[10/30 12:53:34] resnet: True
[10/30 12:53:34] nesterov: False
[10/30 12:53:34] pre: True
[10/30 12:53:34] no_val: False
[10/30 12:53:34] train_way: 15
[10/30 12:53:34] test_way: 5
[10/30 12:53:34] train_shot: 5
[10/30 12:53:34] test_shot: [1, 5]
[10/30 12:53:34] train_query_shot: 15
[10/30 12:53:34] test_query_shot: 16
[10/30 12:53:34] train_transform_type: 0
[10/30 12:53:34] test_transform_type: 0
[10/30 12:53:34] val_trial: 1000
[10/30 12:53:34] detailed_name: False
[10/30 12:53:34] ------------------------
[10/30 12:53:35] start training!
[10/30 02:04:09] 
[10/30 02:04:09] epoch 240/1200, iter 4320:
[10/30 02:04:09] train_acc: 85.506
[10/30 02:04:11] 240 Save!
[10/30 03:14:38] 
[10/30 03:14:38] epoch 480/1200, iter 8640:
[10/30 03:14:38] train_acc: 89.235
[10/30 03:14:40] 480 Save!
[10/30 04:25:32] 
[10/30 04:25:32] epoch 720/1200, iter 12960:
[10/30 04:25:32] train_acc: 92.889
[10/30 04:25:34] 720 Save!
[10/30 05:43:35] 
[10/30 05:43:35] epoch 960/1200, iter 17280:
[10/30 05:43:35] train_acc: 92.494
[10/30 05:43:37] 960 Save!
[10/30 06:55:18] 
[10/30 06:55:18] epoch 1200/1200, iter 21600:
[10/30 06:55:18] train_acc: 94.370
[10/30 06:55:20] 1200 Save!
[10/30 06:55:20] training finished!
[10/30 06:55:20] ------------------------
[10/30 06:55:20] evaluating on test set:
[10/30 09:49:51] 5-way-1-shot acc: 86.80	0.17
[10/31 12:45:53] 5-way-5-shot acc: 95.22	0.08
10000it [3:04:43,  1.11s/it]
5-way-1-shot acc: 86.927	0.171
10000it [2:52:56,  1.04s/it]
5-way-5-shot acc: 95.230	0.082