[11/18 09:58:39] display all the hyper-parameters in args:
[11/18 09:58:39] hw_range: [0, 9]
[11/18 09:58:39] opt: sgd
[11/18 09:58:39] lr: 0.1
[11/18 09:58:39] gamma: 0.1
[11/18 09:58:39] epoch: 80
[11/18 09:58:39] stage: 5
[11/18 09:58:39] weight_decay: 0.0005
[11/18 09:58:39] gpu: 0
[11/18 09:58:39] seed: 42
[11/18 09:58:39] val_epoch: 20
[11/18 09:58:39] resnet: False
[11/18 09:58:39] nesterov: True
[11/18 09:58:39] pre: False
[11/18 09:58:39] no_val: False
[11/18 09:58:39] train_way: 30
[11/18 09:58:39] test_way: 5
[11/18 09:58:39] train_shot: 5
[11/18 09:58:39] test_shot: [1, 5]
[11/18 09:58:39] train_query_shot: 15
[11/18 09:58:39] test_query_shot: 16
[11/18 09:58:39] train_transform_type: 1
[11/18 09:58:39] test_transform_type: 2
[11/18 09:58:39] val_trial: 1000
[11/18 09:58:39] detailed_name: False
[11/18 09:58:39] ------------------------
[11/18 09:58:39] start training!
[11/19 03:03:42] 
[11/19 03:03:42] epoch 80/400, iter 25120:
[11/19 03:03:42] train_acc: 72.162
[11/19 03:03:42] 80 Save!
[11/19 08:09:23] 
[11/19 08:09:23] epoch 160/400, iter 50240:
[11/19 08:09:23] train_acc: 75.233
[11/19 08:09:24] 160 Save!
[11/19 01:19:30] 
[11/19 01:19:30] epoch 240/400, iter 75360:
[11/19 01:19:30] train_acc: 76.316
[11/19 01:19:30] 240 Save!
[11/19 06:28:37] 
[11/19 06:28:37] epoch 320/400, iter 100480:
[11/19 06:28:37] train_acc: 77.063
[11/19 06:28:37] 320 Save!
[11/19 11:36:52] 
[11/19 11:36:52] epoch 400/400, iter 125600:
[11/19 11:36:52] train_acc: 77.502
[11/19 11:36:52] 400 Save!
[11/19 11:36:52] training finished!
[11/19 11:36:52] ------------------------
[11/19 11:36:52] evaluating on test set:
[11/20 01:36:21] 5-way-1-shot acc: 79.74	0.20
[11/20 03:39:35] 5-way-5-shot acc: 92.32	0.10
10000it [2:01:52,  1.37it/s]
5-way-1-shot acc: 76.304	0.209
10000it [2:00:54,  1.38it/s]
5-way-5-shot acc: 90.788	0.116