[11/18 09:38:33] display all the hyper-parameters in args:
[11/18 09:38:33] hw_range: [0, 9]
[11/18 09:38:33] opt: sgd
[11/18 09:38:33] lr: 0.1
[11/18 09:38:33] gamma: 0.1
[11/18 09:38:33] epoch: 30
[11/18 09:38:33] stage: 5
[11/18 09:38:33] weight_decay: 0.0005
[11/18 09:38:33] gpu: 0
[11/18 09:38:33] seed: 42
[11/18 09:38:33] val_epoch: 20
[11/18 09:38:33] resnet: False
[11/18 09:38:33] nesterov: True
[11/18 09:38:33] pre: False
[11/18 09:38:33] no_val: False
[11/18 09:38:33] train_way: 30
[11/18 09:38:33] test_way: 5
[11/18 09:38:33] train_shot: 5
[11/18 09:38:33] test_shot: [1, 5]
[11/18 09:38:33] train_query_shot: 15
[11/18 09:38:33] test_query_shot: 16
[11/18 09:38:33] train_transform_type: 1
[11/18 09:38:33] test_transform_type: 2
[11/18 09:38:33] val_trial: 1000
[11/18 09:38:33] detailed_name: False
[11/18 09:38:33] ------------------------
[11/18 09:38:34] start training!
[11/18 11:41:57] 
[11/18 11:41:57] epoch 30/150, iter 9420:
[11/18 11:41:57] train_acc: 59.539
[11/18 11:41:57] 30 Save!
[11/18 01:40:19] 
[11/18 01:40:19] epoch 60/150, iter 18840:
[11/18 01:40:19] train_acc: 63.916
[11/18 01:40:19] 60 Save!
[11/18 03:22:32] 
[11/18 03:22:32] epoch 90/150, iter 28260:
[11/18 03:22:32] train_acc: 65.562
[11/18 03:22:32] 90 Save!
[11/18 05:04:39] 
[11/18 05:04:39] epoch 120/150, iter 37680:
[11/18 05:04:39] train_acc: 66.549
[11/18 05:04:39] 120 Save!
[11/18 06:47:39] 
[11/18 06:47:39] epoch 150/150, iter 47100:
[11/18 06:47:39] train_acc: 67.289
[11/18 06:47:39] 150 Save!
[11/18 06:47:39] training finished!
[11/18 06:47:39] ------------------------
[11/18 06:47:39] evaluating on test set:
[11/18 08:15:31] 5-way-1-shot acc: 74.78	0.21
[11/18 09:47:28] 5-way-5-shot acc: 89.64	0.12
