[11/03 08:58:31] display all the hyper-parameters in args:
[11/03 08:58:31] hw_range: [0, 9]
[11/03 08:58:31] opt: sgd
[11/03 08:58:31] lr: 0.1
[11/03 08:58:31] gamma: 0.1
[11/03 08:58:31] epoch: 240
[11/03 08:58:31] stage: 5
[11/03 08:58:31] weight_decay: 0.0005
[11/03 08:58:31] gpu: 0
[11/03 08:58:31] seed: 42
[11/03 08:58:31] val_epoch: 20
[11/03 08:58:31] resnet: True
[11/03 08:58:31] nesterov: False
[11/03 08:58:31] pre: False
[11/03 08:58:31] no_val: False
[11/03 08:58:31] train_way: 15
[11/03 08:58:31] test_way: 5
[11/03 08:58:31] train_shot: 5
[11/03 08:58:31] test_shot: [1, 5]
[11/03 08:58:31] train_query_shot: 15
[11/03 08:58:31] test_query_shot: 16
[11/03 08:58:31] train_transform_type: 0
[11/03 08:58:31] test_transform_type: 0
[11/03 08:58:31] val_trial: 1000
[11/03 08:58:31] detailed_name: False
[11/03 08:58:31] ------------------------
[11/03 08:58:32] start training!
[11/03 11:43:22] 
[11/03 11:43:22] epoch 240/1200, iter 8880:
[11/03 11:43:22] train_acc: 85.682
[11/03 11:43:24] 240 Save!
[11/03 02:16:53] 
[11/03 02:16:53] epoch 480/1200, iter 17760:
[11/03 02:16:53] train_acc: 88.865
[11/03 02:16:55] 480 Save!
[11/03 05:05:31] 
[11/03 05:05:31] epoch 720/1200, iter 26639:
[11/03 05:05:31] train_acc: 90.006
[11/03 05:05:33] 720 Save!
[11/03 07:28:32] 
[11/03 07:28:32] epoch 960/1200, iter 35519:
[11/03 07:28:32] train_acc: 90.919
[11/03 07:28:35] 960 Save!
[11/03 09:53:38] 
[11/03 09:53:38] epoch 1200/1200, iter 44399:
[11/03 09:53:38] train_acc: 91.423
[11/03 09:53:41] 1200 Save!
[11/03 09:53:41] training finished!
[11/03 09:53:41] ------------------------
[11/03 09:53:41] evaluating on test set:
[11/04 04:27:05] 5-way-1-shot acc: 79.98	0.20
[11/04 07:45:07] 5-way-5-shot acc: 90.28	0.11
10000it [5:04:16,  1.83s/it]
5-way-1-shot acc: 80.018	0.199
10000it [7:03:52,  2.54s/it]
5-way-5-shot acc: 90.240	0.108