[11/01 02:02:51] display all the hyper-parameters in args:
[11/01 02:02:51] hw_range: [0, 9]
[11/01 02:02:51] opt: sgd
[11/01 02:02:51] lr: 0.1
[11/01 02:02:51] gamma: 0.1
[11/01 02:02:51] epoch: 240
[11/01 02:02:51] stage: 5
[11/01 02:02:51] weight_decay: 0.0005
[11/01 02:02:51] gpu: 0
[11/01 02:02:51] seed: 42
[11/01 02:02:51] val_epoch: 20
[11/01 02:02:51] resnet: True
[11/01 02:02:51] nesterov: False
[11/01 02:02:51] pre: False
[11/01 02:02:51] no_val: False
[11/01 02:02:51] train_way: 15
[11/01 02:02:51] test_way: 5
[11/01 02:02:51] train_shot: 5
[11/01 02:02:51] test_shot: [1, 5]
[11/01 02:02:51] train_query_shot: 15
[11/01 02:02:51] test_query_shot: 16
[11/01 02:02:51] train_transform_type: 0
[11/01 02:02:51] test_transform_type: 0
[11/01 02:02:51] val_trial: 1000
[11/01 02:02:51] detailed_name: False
[11/01 02:02:51] ------------------------
[11/01 02:02:51] start training!
[11/01 05:08:55] 
[11/01 05:08:55] epoch 240/1200, iter 8880:
[11/01 05:08:55] train_acc: 85.898
[11/01 05:08:57] 240 Save!
[11/01 08:01:19] 
[11/01 08:01:19] epoch 480/1200, iter 17760:
[11/01 08:01:19] train_acc: 89.345
[11/01 08:01:21] 480 Save!
[11/01 11:09:16] 
[11/01 11:09:16] epoch 720/1200, iter 26639:
[11/01 11:09:16] train_acc: 91.111
[11/01 11:09:18] 720 Save!
[11/02 02:53:53] 
[11/02 02:53:53] epoch 960/1200, iter 35519:
[11/02 02:53:53] train_acc: 91.904
[11/02 02:53:54] 960 Save!
[11/02 05:44:30] 
[11/02 05:44:30] epoch 1200/1200, iter 44399:
[11/02 05:44:30] train_acc: 91.039
[11/02 05:44:31] 1200 Save!
[11/02 05:44:31] training finished!
[11/02 05:44:31] ------------------------
[11/02 05:44:31] evaluating on test set:
[11/02 09:49:51] 5-way-1-shot acc: 81.11	0.19
[11/02 02:04:36] 5-way-5-shot acc: 90.90	0.11
