[11/04 09:42:36] display all the hyper-parameters in args:
[11/04 09:42:36] hw_range: [0, 9]
[11/04 09:42:36] opt: sgd
[11/04 09:42:36] lr: 0.1
[11/04 09:42:36] gamma: 0.1
[11/04 09:42:36] epoch: 240
[11/04 09:42:36] stage: 5
[11/04 09:42:36] weight_decay: 0.0005
[11/04 09:42:36] gpu: 0
[11/04 09:42:36] seed: 42
[11/04 09:42:36] val_epoch: 20
[11/04 09:42:36] resnet: True
[11/04 09:42:36] nesterov: False
[11/04 09:42:36] pre: False
[11/04 09:42:36] no_val: False
[11/04 09:42:36] train_way: 15
[11/04 09:42:36] test_way: 5
[11/04 09:42:36] train_shot: 5
[11/04 09:42:36] test_shot: [1, 5]
[11/04 09:42:36] train_query_shot: 15
[11/04 09:42:36] test_query_shot: 16
[11/04 09:42:36] train_transform_type: 0
[11/04 09:42:36] test_transform_type: 0
[11/04 09:42:36] val_trial: 1000
[11/04 09:42:36] detailed_name: False
[11/04 09:42:36] ------------------------
[11/04 09:42:36] start training!
[11/04 11:54:26] 
[11/04 11:54:26] epoch 240/1200, iter 7675:
[11/04 11:54:26] train_acc: 91.861
[11/04 11:54:28] 240 Save!
[11/05 02:03:52] 
[11/05 02:03:52] epoch 480/1200, iter 15348:
[11/05 02:03:52] train_acc: 94.778
[11/05 02:03:54] 480 Save!
[11/05 04:12:54] 
[11/05 04:12:54] epoch 720/1200, iter 23022:
[11/05 04:12:54] train_acc: 95.181
[11/05 04:12:55] 720 Save!
[11/05 06:21:57] 
[11/05 06:21:57] epoch 960/1200, iter 30696:
[11/05 06:21:57] train_acc: 94.611
[11/05 06:21:58] 960 Save!
[11/05 08:31:17] 
[11/05 08:31:17] epoch 1200/1200, iter 38372:
[11/05 08:31:17] train_acc: 95.944
[11/05 08:31:18] 1200 Save!
[11/05 08:31:18] training finished!
[11/05 08:31:18] ------------------------
[11/05 08:31:18] evaluating on test set:
[11/05 11:30:03] 5-way-1-shot acc: 92.93	0.12
[11/05 02:33:25] 5-way-5-shot acc: 98.17	0.05
10000it [5:14:03,  1.88s/it]
5-way-1-shot acc: 92.792	0.128
10000it [7:07:05,  2.56s/it]
5-way-5-shot acc: 98.165	0.046